// Jest Snapshot v1, https://goo.gl/fbAQLP

exports[`PositionValue #fees when price is above the position range gas 1`] = `68805`;

exports[`PositionValue #fees when price is below the position range gas 1`] = `68773`;

exports[`PositionValue #fees when price is within the position range gas 1`] = `76751`;

exports[`PositionValue #principal gas 1`] = `30651`;

exports[`PositionValue #total gas 1`] = `84462`;
