// Jest Snapshot v1, https://goo.gl/fbAQLP

exports[`KatanaV3Factory #createPool gas 1`] = `558999`;

exports[`KatanaV3Factory factory bytecode size 1`] = `2091`;

exports[`KatanaV3Factory pool bytecode size 1`] = `1209`;
